// Jest Snapshot v1, https://goo.gl/fbAQLP

exports[`a user should be able to view a book details 1`] = `
Object {
  "author": "JK Rowling",
  "cover": "https://external-content.duckduckgo.com/iu/?u=https%3A%2F%2Ftse1.mm.bing.net%2Fth%3Fid%3DOIP.rPTIBOscmtdvxPy3FEWJnQHaKs%26pid%3DApi&f=1",
  "description": "This is the story of a young boy who finds out he is a wizard",
  "subtitle": null,
  "title": "Harry Potter",
}
`;
